?   	github.com/buildkite/terraform-provider-buildkite	[no test files]
